0:0:0:0:0:0:0:1 - - [24/Feb/2016:18:04:18 -0500] "POST /online-exam/faculty-login HTTP/1.1" 200 4427
0:0:0:0:0:0:0:1 - - [24/Feb/2016:18:04:21 -0500] "GET /online-exam/faculty/1/profile HTTP/1.1" 200 3836
0:0:0:0:0:0:0:1 - - [24/Feb/2016:18:04:23 -0500] "GET /online-exam/faculty/1/subject/add HTTP/1.1" 200 4229
0:0:0:0:0:0:0:1 - - [24/Feb/2016:18:04:30 -0500] "POST /online-exam/faculty/1/subject/add HTTP/1.1" 200 3998
0:0:0:0:0:0:0:1 - - [24/Feb/2016:18:04:34 -0500] "GET /online-exam/faculty/1/subject/1 HTTP/1.1" 200 3905
0:0:0:0:0:0:0:1 - - [24/Feb/2016:18:04:37 -0500] "GET /online-exam/faculty/1/subject/1/test/add HTTP/1.1" 200 4277
0:0:0:0:0:0:0:1 - - [24/Feb/2016:18:04:47 -0500] "POST /online-exam/faculty/1/subject/1/test/add HTTP/1.1" 200 4228
0:0:0:0:0:0:0:1 - - [24/Feb/2016:18:04:50 -0500] "GET /online-exam/post-exam/faculty/1/subject/1/test/1/add HTTP/1.1" 200 4515
0:0:0:0:0:0:0:1 - - [24/Feb/2016:18:05:18 -0500] "POST /online-exam/post-exam/faculty/1/subject/1/test/1/add HTTP/1.1" 200 4535
0:0:0:0:0:0:0:1 - - [24/Feb/2016:18:06:43 -0500] "POST /online-exam/post-exam/faculty/1/subject/1/test/1/add HTTP/1.1" 200 4535
0:0:0:0:0:0:0:1 - - [24/Feb/2016:18:06:58 -0500] "GET /online-exam/faculty/1/home HTTP/1.1" 200 4427
0:0:0:0:0:0:0:1 - - [24/Feb/2016:18:07:00 -0500] "GET /online-exam/post-exam/faculty/1 HTTP/1.1" 200 3483
0:0:0:0:0:0:0:1 - - [24/Feb/2016:18:07:03 -0500] "GET /online-exam/post-exam/faculty/1/subject/1 HTTP/1.1" 200 3764
0:0:0:0:0:0:0:1 - - [24/Feb/2016:18:07:06 -0500] "GET /online-exam/post-exam/faculty/1/subject/1/test/1/add HTTP/1.1" 200 4515
0:0:0:0:0:0:0:1 - - [24/Feb/2016:18:08:28 -0500] "POST /online-exam/post-exam/faculty/1/subject/1/test/1/add HTTP/1.1" 200 4535
0:0:0:0:0:0:0:1 - - [24/Feb/2016:18:08:37 -0500] "GET /online-exam/faculty/1/home HTTP/1.1" 200 4427
0:0:0:0:0:0:0:1 - - [24/Feb/2016:18:08:46 -0500] "GET /online-exam/ HTTP/1.1" 200 4028
0:0:0:0:0:0:0:1 - - [24/Feb/2016:18:08:49 -0500] "GET /online-exam/student-login HTTP/1.1" 200 4432
0:0:0:0:0:0:0:1 - - [24/Feb/2016:18:08:54 -0500] "GET /online-exam/student-register HTTP/1.1" 200 4518
0:0:0:0:0:0:0:1 - - [24/Feb/2016:18:09:13 -0500] "POST /online-exam/student-register HTTP/1.1" 200 3477
0:0:0:0:0:0:0:1 - - [24/Feb/2016:18:09:15 -0500] "GET /online-exam/student-login HTTP/1.1" 200 4432
0:0:0:0:0:0:0:1 - - [24/Feb/2016:18:09:23 -0500] "POST /online-exam/student-login HTTP/1.1" 200 4483
0:0:0:0:0:0:0:1 - - [24/Feb/2016:18:09:26 -0500] "GET /online-exam/student/1/profile HTTP/1.1" 200 3890
0:0:0:0:0:0:0:1 - - [24/Feb/2016:18:09:29 -0500] "GET /online-exam/student/1/subject/add HTTP/1.1" 200 4283
0:0:0:0:0:0:0:1 - - [24/Feb/2016:18:09:36 -0500] "POST /online-exam/student/1/subject/add HTTP/1.1" 200 4052
0:0:0:0:0:0:0:1 - - [24/Feb/2016:18:09:38 -0500] "GET /online-exam/student/1/subject/1 HTTP/1.1" 200 3977
0:0:0:0:0:0:0:1 - - [24/Feb/2016:18:09:42 -0500] "GET /online-exam/post-exam/student/1/subject/1/test/1/view HTTP/1.1" 404 949
0:0:0:0:0:0:0:1 - - [24/Feb/2016:18:09:47 -0500] "GET /online-exam/student/1/profile HTTP/1.1" 200 4052
0:0:0:0:0:0:0:1 - - [24/Feb/2016:18:09:51 -0500] "GET /online-exam/write-exam/student/1 HTTP/1.1" 200 3535
0:0:0:0:0:0:0:1 - - [24/Feb/2016:18:09:52 -0500] "GET /online-exam/post-exam/student/1/subject/1 HTTP/1.1" 200 3516
0:0:0:0:0:0:0:1 - - [24/Feb/2016:18:09:55 -0500] "GET /online-exam/write-exam/student/1/subject/1/test/1/write HTTP/1.1" 200 4060
0:0:0:0:0:0:0:1 - - [24/Feb/2016:18:10:01 -0500] "POST /online-exam/write-exam/student/1/subject/1/test/1/write HTTP/1.1" 200 4107
0:0:0:0:0:0:0:1 - - [24/Feb/2016:18:10:08 -0500] "POST /online-exam/write-exam/student/1/subject/1/test/1/write HTTP/1.1" 200 4118
0:0:0:0:0:0:0:1 - - [24/Feb/2016:18:10:11 -0500] "POST /online-exam/write-exam/student/1/subject/1/test/1/write HTTP/1.1" 200 3437
0:0:0:0:0:0:0:1 - - [24/Feb/2016:18:14:35 -0500] "GET /online-exam/student-login HTTP/1.1" 200 4432
0:0:0:0:0:0:0:1 - - [24/Feb/2016:18:14:40 -0500] "GET /online-exam/aboutus HTTP/1.1" 200 4285
0:0:0:0:0:0:0:1 - - [24/Feb/2016:18:14:44 -0500] "GET /online-exam/contactus HTTP/1.1" 200 3924
0:0:0:0:0:0:0:1 - - [24/Feb/2016:18:14:49 -0500] "GET /online-exam/aboutus HTTP/1.1" 200 4285
0:0:0:0:0:0:0:1 - - [24/Feb/2016:18:14:59 -0500] "GET /online-exam/student-login HTTP/1.1" 200 4432
192.168.1.72 - - [24/Feb/2016:18:36:54 -0500] "GET /online-exam/ HTTP/1.1" 200 4028
192.168.1.72 - - [24/Feb/2016:18:36:56 -0500] "GET /favicon.ico HTTP/1.1" 404 973
192.168.1.72 - - [24/Feb/2016:18:37:01 -0500] "GET /online-exam/student-login HTTP/1.1" 200 4432
192.168.1.72 - - [24/Feb/2016:18:37:12 -0500] "GET /online-exam/student-register HTTP/1.1" 200 4518
192.168.1.72 - - [24/Feb/2016:18:37:28 -0500] "POST /online-exam/student-register HTTP/1.1" 200 3477
192.168.1.72 - - [24/Feb/2016:18:37:31 -0500] "GET /online-exam/student-login HTTP/1.1" 200 4432
192.168.1.72 - - [24/Feb/2016:18:37:37 -0500] "POST /online-exam/student-login HTTP/1.1" 200 4482
192.168.1.72 - - [24/Feb/2016:18:37:42 -0500] "GET /online-exam/student/2/profile HTTP/1.1" 200 3889
192.168.1.72 - - [24/Feb/2016:18:37:47 -0500] "GET /online-exam/student/2/subject/add HTTP/1.1" 200 4286
192.168.1.72 - - [24/Feb/2016:18:37:51 -0500] "POST /online-exam/student/2/subject/add HTTP/1.1" 200 4307
192.168.1.72 - - [24/Feb/2016:18:37:59 -0500] "POST /online-exam/student/2/subject/add HTTP/1.1" 200 4052
192.168.1.72 - - [24/Feb/2016:18:38:12 -0500] "GET /online-exam/student/2/subject/3 HTTP/1.1" 200 3840
192.168.1.72 - - [24/Feb/2016:18:38:17 -0500] "GET /online-exam/write-exam/student/2 HTTP/1.1" 200 3536
192.168.1.72 - - [24/Feb/2016:18:38:19 -0500] "GET /online-exam/post-exam/student/2/subject/3 HTTP/1.1" 200 3377
192.168.1.72 - - [24/Feb/2016:18:38:23 -0500] "GET /online-exam/write-exam/student/2 HTTP/1.1" 200 3536
192.168.1.72 - - [24/Feb/2016:18:38:26 -0500] "GET /online-exam/post-exam/student/2/subject/add HTTP/1.1" 200 3867
192.168.1.72 - - [24/Feb/2016:18:38:30 -0500] "POST /online-exam/post-exam/student/2/subject/add HTTP/1.1" 200 3887
192.168.1.72 - - [24/Feb/2016:18:38:52 -0500] "GET /online-exam/student/2/home HTTP/1.1" 200 4482
192.168.1.72 - - [24/Feb/2016:18:38:53 -0500] "GET /online-exam/write-exam/student/2 HTTP/1.1" 200 3536
192.168.1.72 - - [24/Feb/2016:18:38:56 -0500] "GET /online-exam/post-exam/student/2/subject/add HTTP/1.1" 200 3867
192.168.1.72 - - [24/Feb/2016:18:38:58 -0500] "POST /online-exam/post-exam/student/2/subject/add HTTP/1.1" 200 3887
127.0.0.1 - - [24/Feb/2016:18:40:39 -0500] "GET / HTTP/1.1" 404 951
192.168.1.72 - - [24/Feb/2016:18:42:28 -0500] "GET /online-exam HTTP/1.1" 404 949
192.168.1.72 - - [24/Feb/2016:18:42:41 -0500] "GET /online-exam/ HTTP/1.1" 200 4028
192.168.1.72 - - [24/Feb/2016:18:42:43 -0500] "GET /online-exam/student-login HTTP/1.1" 200 4432
192.168.1.72 - - [24/Feb/2016:18:42:49 -0500] "POST /online-exam/student-login HTTP/1.1" 200 4479
192.168.1.72 - - [24/Feb/2016:18:42:54 -0500] "GET /online-exam/student-register HTTP/1.1" 200 4518
0:0:0:0:0:0:0:1 - - [24/Feb/2016:18:43:09 -0500] "GET /online-exam/faculty-login HTTP/1.1" 200 4439
0:0:0:0:0:0:0:1 - - [24/Feb/2016:18:43:12 -0500] "GET /online-exam/faculty-register HTTP/1.1" 200 4538
192.168.1.72 - - [24/Feb/2016:18:43:13 -0500] "POST /online-exam/student-register HTTP/1.1" 200 3477
192.168.1.72 - - [24/Feb/2016:18:43:15 -0500] "GET /online-exam/student-login HTTP/1.1" 200 4432
192.168.1.72 - - [24/Feb/2016:18:43:24 -0500] "POST /online-exam/student-login HTTP/1.1" 200 4482
0:0:0:0:0:0:0:1 - - [24/Feb/2016:18:43:31 -0500] "POST /online-exam/faculty-register HTTP/1.1" 200 3481
0:0:0:0:0:0:0:1 - - [24/Feb/2016:18:43:40 -0500] "GET /online-exam/faculty-login HTTP/1.1" 200 4439
0:0:0:0:0:0:0:1 - - [24/Feb/2016:18:43:47 -0500] "POST /online-exam/faculty-login HTTP/1.1" 200 4428
0:0:0:0:0:0:0:1 - - [24/Feb/2016:18:43:52 -0500] "GET /online-exam/faculty/1/profile HTTP/1.1" 200 3837
0:0:0:0:0:0:0:1 - - [24/Feb/2016:18:43:54 -0500] "GET /online-exam/faculty/1/subject/add HTTP/1.1" 200 4230
0:0:0:0:0:0:0:1 - - [24/Feb/2016:18:43:59 -0500] "POST /online-exam/faculty/1/subject/add HTTP/1.1" 200 3999
0:0:0:0:0:0:0:1 - - [24/Feb/2016:18:44:02 -0500] "GET /online-exam/faculty/1/subject/1 HTTP/1.1" 200 3906
0:0:0:0:0:0:0:1 - - [24/Feb/2016:18:44:03 -0500] "GET /online-exam/faculty/1/subject/1/test/add HTTP/1.1" 200 4278
192.168.1.53 - - [24/Feb/2016:18:44:03 -0500] "GET /online-exam/ HTTP/1.1" 200 4028
192.168.1.53 - - [24/Feb/2016:18:44:03 -0500] "GET /favicon.ico HTTP/1.1" 404 973
192.168.1.53 - - [24/Feb/2016:18:44:06 -0500] "GET /online-exam/faculty-login HTTP/1.1" 200 4439
192.168.1.53 - - [24/Feb/2016:18:44:08 -0500] "GET /online-exam/faculty-register HTTP/1.1" 200 4538
0:0:0:0:0:0:0:1 - - [24/Feb/2016:18:44:11 -0500] "POST /online-exam/faculty/1/subject/1/test/add HTTP/1.1" 200 4229
0:0:0:0:0:0:0:1 - - [24/Feb/2016:18:44:14 -0500] "GET /online-exam/post-exam/faculty/1/subject/1/test/1/add HTTP/1.1" 200 4515
192.168.1.53 - - [24/Feb/2016:18:44:38 -0500] "POST /online-exam/faculty-register HTTP/1.1" 200 3481
192.168.1.53 - - [24/Feb/2016:18:44:40 -0500] "GET /online-exam/faculty-login HTTP/1.1" 200 4439
192.168.1.72 - - [24/Feb/2016:18:44:47 -0500] "GET /online-exam/student/1/profile HTTP/1.1" 200 3889
192.168.1.53 - - [24/Feb/2016:18:44:48 -0500] "POST /online-exam/faculty-login HTTP/1.1" 200 4427
0:0:0:0:0:0:0:1 - - [24/Feb/2016:18:44:50 -0500] "POST /online-exam/post-exam/faculty/1/subject/1/test/1/add HTTP/1.1" 200 4535
192.168.1.72 - - [24/Feb/2016:18:44:51 -0500] "GET /online-exam/student/1/subject/add HTTP/1.1" 200 4282
192.168.1.53 - - [24/Feb/2016:18:44:51 -0500] "GET /online-exam/faculty/2/profile HTTP/1.1" 200 3838
192.168.1.53 - - [24/Feb/2016:18:44:54 -0500] "GET /online-exam/faculty/2/subject/add HTTP/1.1" 200 4231
192.168.1.72 - - [24/Feb/2016:18:44:57 -0500] "POST /online-exam/student/1/subject/add HTTP/1.1" 200 4051
192.168.1.53 - - [24/Feb/2016:18:44:58 -0500] "POST /online-exam/faculty/2/subject/add HTTP/1.1" 200 4000
192.168.1.72 - - [24/Feb/2016:18:45:00 -0500] "GET /online-exam/student/1/subject/1 HTTP/1.1" 200 3976
192.168.1.53 - - [24/Feb/2016:18:45:01 -0500] "GET /online-exam/faculty/2/subject/add HTTP/1.1" 200 4319
192.168.1.72 - - [24/Feb/2016:18:45:01 -0500] "GET /online-exam/post-exam/student/1/subject/1/test/1/view HTTP/1.1" 404 949
192.168.1.53 - - [24/Feb/2016:18:45:05 -0500] "GET /online-exam/post-exam/faculty/2 HTTP/1.1" 200 3483
192.168.1.53 - - [24/Feb/2016:18:45:08 -0500] "GET /online-exam/post-exam/faculty/2/subject/2 HTTP/1.1" 200 3441
192.168.1.53 - - [24/Feb/2016:18:45:10 -0500] "GET /online-exam/post-exam/faculty/2/subject/2/test/add HTTP/1.1" 200 3778
192.168.1.53 - - [24/Feb/2016:18:45:15 -0500] "POST /online-exam/post-exam/faculty/2/subject/2/test/add HTTP/1.1" 200 3760
192.168.1.72 - - [24/Feb/2016:18:45:17 -0500] "GET /online-exam/write-exam/student/1 HTTP/1.1" 200 3535
192.168.1.53 - - [24/Feb/2016:18:45:18 -0500] "GET /online-exam/post-exam/faculty/2/subject/2/test/2/add HTTP/1.1" 200 4515
192.168.1.72 - - [24/Feb/2016:18:45:18 -0500] "GET /online-exam/post-exam/student/1/subject/1 HTTP/1.1" 200 3652
192.168.1.72 - - [24/Feb/2016:18:45:22 -0500] "GET /online-exam/write-exam/student/1/subject/1/test/2/write HTTP/1.1" 500 5210
192.168.1.72 - - [24/Feb/2016:18:45:26 -0500] "GET /online-exam/write-exam/student/1/subject/1/test/1/write HTTP/1.1" 200 4105
192.168.1.76 - - [24/Feb/2016:18:45:31 -0500] "GET /online-exam/ HTTP/1.1" 200 4028
192.168.1.72 - - [24/Feb/2016:18:45:31 -0500] "POST /online-exam/write-exam/student/1/subject/1/test/1/write HTTP/1.1" 200 3437
192.168.1.49 - - [24/Feb/2016:18:45:43 -0500] "GET /online-exam/ HTTP/1.1" 200 4028
192.168.1.49 - - [24/Feb/2016:18:45:43 -0500] "GET /favicon.ico HTTP/1.1" 404 973
192.168.1.72 - - [24/Feb/2016:18:45:44 -0500] "GET /online-exam/student/1/home HTTP/1.1" 200 4482
192.168.1.72 - - [24/Feb/2016:18:45:47 -0500] "GET /online-exam/student/1/profile HTTP/1.1" 200 4051
192.168.1.49 - - [24/Feb/2016:18:45:49 -0500] "GET /online-exam/student-login HTTP/1.1" 200 4432
0:0:0:0:0:0:0:1 - - [24/Feb/2016:18:45:49 -0500] "GET /online-exam/faculty/1/home HTTP/1.1" 200 4427
192.168.1.53 - - [24/Feb/2016:18:45:53 -0500] "POST /online-exam/post-exam/faculty/2/subject/2/test/2/add HTTP/1.1" 200 4535
192.168.1.76 - - [24/Feb/2016:18:46:05 -0500] "GET /online-exam/ HTTP/1.1" 200 4028
192.168.1.53 - - [24/Feb/2016:18:46:17 -0500] "POST /online-exam/post-exam/faculty/2/subject/2/test/2/add HTTP/1.1" 200 4535
192.168.1.49 - - [24/Feb/2016:18:46:21 -0500] "POST /online-exam/student-login HTTP/1.1" 200 4478
192.168.1.49 - - [24/Feb/2016:18:46:27 -0500] "GET /online-exam/student-register HTTP/1.1" 200 4518
192.168.1.76 - - [24/Feb/2016:18:46:28 -0500] "GET /online-exam/student-login HTTP/1.1" 200 4432
192.168.1.76 - - [24/Feb/2016:18:46:40 -0500] "GET /online-exam/student-register HTTP/1.1" 200 4518
192.168.1.76 - - [24/Feb/2016:18:46:40 -0500] "GET /favicon.ico HTTP/1.1" 404 973
192.168.1.76 - - [24/Feb/2016:18:46:40 -0500] "GET /online-exam/student-register HTTP/1.1" 200 4518
192.168.1.76 - - [24/Feb/2016:18:47:01 -0500] "GET /online-exam/ HTTP/1.1" 200 4028
192.168.1.53 - - [24/Feb/2016:18:47:05 -0500] "POST /online-exam/post-exam/faculty/2/subject/2/test/2/add HTTP/1.1" 200 4535
192.168.1.76 - - [24/Feb/2016:18:47:05 -0500] "GET /favicon.ico HTTP/1.1" 404 973
192.168.1.76 - - [24/Feb/2016:18:47:05 -0500] "GET /favicon.ico HTTP/1.1" 404 973
192.168.1.76 - - [24/Feb/2016:18:47:08 -0500] "GET /favicon.ico HTTP/1.1" 404 973
192.168.1.49 - - [24/Feb/2016:18:47:15 -0500] "POST /online-exam/student-register HTTP/1.1" 200 3477
192.168.1.49 - - [24/Feb/2016:18:47:19 -0500] "GET /online-exam/student-login HTTP/1.1" 200 4432
192.168.1.76 - - [24/Feb/2016:18:47:34 -0500] "GET /online-exam/home HTTP/1.1" 200 4028
192.168.1.76 - - [24/Feb/2016:18:47:42 -0500] "GET /online-exam/home HTTP/1.1" 200 4028
192.168.1.76 - - [24/Feb/2016:18:47:45 -0500] "GET /online-exam/student-login HTTP/1.1" 200 4432
192.168.1.76 - - [24/Feb/2016:18:47:47 -0500] "GET /online-exam/student-register HTTP/1.1" 200 4518
192.168.1.72 - - [24/Feb/2016:18:48:11 -0500] "GET /online-exam/student/1/subject/add HTTP/1.1" 200 4374
192.168.1.49 - - [24/Feb/2016:18:48:18 -0500] "POST /online-exam/student-login HTTP/1.1" 200 4485
192.168.1.76 - - [24/Feb/2016:18:48:20 -0500] "POST /online-exam/student-register HTTP/1.1" 200 3477
192.168.1.49 - - [24/Feb/2016:18:48:23 -0500] "GET /online-exam/write-exam/student/2 HTTP/1.1" 200 3454
192.168.1.49 - - [24/Feb/2016:18:48:25 -0500] "GET /online-exam/post-exam/student/2/subject/add HTTP/1.1" 200 3784
192.168.1.49 - - [24/Feb/2016:18:48:27 -0500] "POST /online-exam/post-exam/student/2/subject/add HTTP/1.1" 200 3535
192.168.1.76 - - [24/Feb/2016:18:48:29 -0500] "GET /online-exam/student-login HTTP/1.1" 200 4432
192.168.1.49 - - [24/Feb/2016:18:48:29 -0500] "GET /online-exam/post-exam/student/2/subject/2 HTTP/1.1" 200 3652
192.168.1.76 - - [24/Feb/2016:18:48:33 -0500] "POST /online-exam/student-login HTTP/1.1" 200 4486
192.168.1.49 - - [24/Feb/2016:18:48:33 -0500] "GET /online-exam/write-exam/student/2/subject/2/test/1/write HTTP/1.1" 200 4105
192.168.1.72 - - [24/Feb/2016:18:48:37 -0500] "GET /online-exam/student/1/subject/1 HTTP/1.1" 200 4109
192.168.1.72 - - [24/Feb/2016:18:48:40 -0500] "GET /online-exam/post-exam/student/1/subject/1/test/2/view HTTP/1.1" 404 949
192.168.1.76 - - [24/Feb/2016:18:48:42 -0500] "GET /online-exam/write-exam/student/3 HTTP/1.1" 200 3454
192.168.1.49 - - [24/Feb/2016:18:48:43 -0500] "POST /online-exam/write-exam/student/2/subject/2/test/1/write HTTP/1.1" 200 3437
192.168.1.76 - - [24/Feb/2016:18:48:44 -0500] "GET /online-exam/post-exam/student/3/subject/add HTTP/1.1" 200 3784
192.168.1.72 - - [24/Feb/2016:18:48:44 -0500] "GET /online-exam/post-exam/student/1/subject/1/test/1/view HTTP/1.1" 404 949
192.168.1.76 - - [24/Feb/2016:18:48:46 -0500] "POST /online-exam/post-exam/student/3/subject/add HTTP/1.1" 200 3535
192.168.1.76 - - [24/Feb/2016:18:48:48 -0500] "GET /online-exam/post-exam/student/3/subject/3 HTTP/1.1" 200 3652
192.168.1.76 - - [24/Feb/2016:18:48:50 -0500] "GET /online-exam/write-exam/student/3/subject/3/test/1/write HTTP/1.1" 200 4105
192.168.1.72 - - [24/Feb/2016:18:48:52 -0500] "GET /online-exam/write-exam/student/1 HTTP/1.1" 200 3535
192.168.1.72 - - [24/Feb/2016:18:48:53 -0500] "GET /online-exam/post-exam/student/1/subject/1 HTTP/1.1" 200 3652
192.168.1.72 - - [24/Feb/2016:18:48:56 -0500] "GET /online-exam/write-exam/student/1/subject/1/test/2/write HTTP/1.1" 200 4099
192.168.1.49 - - [24/Feb/2016:18:48:57 -0500] "GET /online-exam/write-exam/student/2/subject/2/test/1/write HTTP/1.1" 200 4105
192.168.1.76 - - [24/Feb/2016:18:48:58 -0500] "POST /online-exam/write-exam/student/3/subject/3/test/1/write HTTP/1.1" 200 3437
192.168.1.72 - - [24/Feb/2016:18:49:00 -0500] "POST /online-exam/write-exam/student/1/subject/1/test/2/write HTTP/1.1" 500 5212
192.168.1.76 - - [24/Feb/2016:18:49:00 -0500] "GET /online-exam/write-exam/student/3 HTTP/1.1" 200 3535
192.168.1.76 - - [24/Feb/2016:18:49:02 -0500] "GET /online-exam/post-exam/student/3/subject/3 HTTP/1.1" 200 3652
192.168.1.76 - - [24/Feb/2016:18:49:03 -0500] "GET /online-exam/write-exam/student/3/subject/3/test/2/write HTTP/1.1" 200 4099
192.168.1.53 - - [24/Feb/2016:18:49:06 -0500] "POST /online-exam/post-exam/faculty/2/subject/2/test/2/add HTTP/1.1" 200 4535
192.168.1.49 - - [24/Feb/2016:18:49:07 -0500] "GET /online-exam/post-exam/student/2/subject/add HTTP/1.1" 200 3865
192.168.1.76 - - [24/Feb/2016:18:49:07 -0500] "POST /online-exam/write-exam/student/3/subject/3/test/2/write HTTP/1.1" 200 4050
192.168.1.53 - - [24/Feb/2016:18:49:10 -0500] "GET /online-exam/faculty/2/home HTTP/1.1" 200 4427
192.168.1.72 - - [24/Feb/2016:18:49:11 -0500] "POST /online-exam/write-exam/student/1/subject/1/test/2/write HTTP/1.1" 200 4092
192.168.1.76 - - [24/Feb/2016:18:49:12 -0500] "POST /online-exam/write-exam/student/3/subject/3/test/2/write HTTP/1.1" 200 3437
192.168.1.49 - - [24/Feb/2016:18:49:13 -0500] "GET /online-exam/student-login HTTP/1.1" 200 4432
192.168.1.49 - - [24/Feb/2016:18:49:16 -0500] "GET /online-exam/student-register HTTP/1.1" 200 4518
192.168.1.76 - - [24/Feb/2016:18:49:27 -0500] "GET /online-exam/write-exam/student/3 HTTP/1.1" 200 3535
192.168.1.72 - - [24/Feb/2016:18:49:31 -0500] "POST /online-exam/write-exam/student/1/subject/1/test/2/write HTTP/1.1" 500 5134
192.168.1.72 - - [24/Feb/2016:18:49:35 -0500] "POST /online-exam/write-exam/student/1/subject/1/test/2/write HTTP/1.1" 500 5134
192.168.1.72 - - [24/Feb/2016:18:49:40 -0500] "POST /online-exam/write-exam/student/1/subject/1/test/2/write HTTP/1.1" 500 5134
192.168.1.76 - - [24/Feb/2016:18:49:45 -0500] "GET /online-exam/student/3/home HTTP/1.1" 200 4486
192.168.1.72 - - [24/Feb/2016:18:49:52 -0500] "POST /online-exam/write-exam/student/1/subject/1/test/2/write HTTP/1.1" 500 5134
192.168.1.76 - - [24/Feb/2016:18:49:56 -0500] "GET /online-exam/student/3/home HTTP/1.1" 200 4486
192.168.1.76 - - [24/Feb/2016:18:49:58 -0500] "GET /online-exam/student/3/home HTTP/1.1" 200 4486
192.168.1.76 - - [24/Feb/2016:18:49:58 -0500] "GET /online-exam/student/3/home HTTP/1.1" 200 4486
192.168.1.72 - - [24/Feb/2016:18:49:58 -0500] "POST /online-exam/write-exam/student/1/subject/1/test/2/write HTTP/1.1" 500 5134
192.168.1.76 - - [24/Feb/2016:18:49:59 -0500] "GET /online-exam/student/3/home HTTP/1.1" 200 4486
192.168.1.76 - - [24/Feb/2016:18:50:00 -0500] "GET /online-exam/student/3/home HTTP/1.1" 200 4486
192.168.1.72 - - [24/Feb/2016:18:50:01 -0500] "GET /online-exam/write-exam/student/1 HTTP/1.1" 200 3535
192.168.1.72 - - [24/Feb/2016:18:50:02 -0500] "GET /online-exam/post-exam/student/1/subject/1 HTTP/1.1" 200 3652
192.168.1.72 - - [24/Feb/2016:18:50:04 -0500] "GET /online-exam/write-exam/student/1/subject/1/test/2/write HTTP/1.1" 200 4099
192.168.1.76 - - [24/Feb/2016:18:50:05 -0500] "GET /online-exam/write-exam/student/3/subject/3/test/2/write HTTP/1.1" 200 4099
192.168.1.76 - - [24/Feb/2016:18:50:08 -0500] "GET /online-exam/write-exam/student/3/subject/3/test/1/write HTTP/1.1" 200 4105
192.168.1.72 - - [24/Feb/2016:18:50:10 -0500] "POST /online-exam/write-exam/student/1/subject/1/test/2/write HTTP/1.1" 200 3437
192.168.1.76 - - [24/Feb/2016:18:50:11 -0500] "GET /online-exam/post-exam/student/3/subject/add HTTP/1.1" 200 3865
192.168.1.76 - - [24/Feb/2016:18:50:11 -0500] "GET /online-exam/post-exam/student/3/subject/add HTTP/1.1" 200 3865
192.168.1.72 - - [24/Feb/2016:18:50:13 -0500] "GET /online-exam/write-exam/student/1 HTTP/1.1" 200 3535
192.168.1.72 - - [24/Feb/2016:18:50:14 -0500] "GET /online-exam/post-exam/student/1/subject/1 HTTP/1.1" 200 3652
192.168.1.76 - - [24/Feb/2016:18:50:15 -0500] "GET /online-exam/student/3/home HTTP/1.1" 200 4486
192.168.1.76 - - [24/Feb/2016:18:50:15 -0500] "GET /online-exam/student/3/home HTTP/1.1" 200 4486
192.168.1.72 - - [24/Feb/2016:18:50:16 -0500] "GET /online-exam/write-exam/student/1/subject/1/test/1/write HTTP/1.1" 200 4105
192.168.1.76 - - [24/Feb/2016:18:50:16 -0500] "GET /online-exam/student/3/home HTTP/1.1" 200 4486
192.168.1.76 - - [24/Feb/2016:18:50:16 -0500] "GET /online-exam/student/3/home HTTP/1.1" 200 4486
192.168.1.72 - - [24/Feb/2016:18:50:22 -0500] "POST /online-exam/write-exam/student/1/subject/1/test/1/write HTTP/1.1" 200 3437
192.168.1.76 - - [24/Feb/2016:18:50:22 -0500] "GET /online-exam/ HTTP/1.1" 200 4028
192.168.1.72 - - [24/Feb/2016:18:50:23 -0500] "GET /online-exam/write-exam/student/1 HTTP/1.1" 200 3535
192.168.1.72 - - [24/Feb/2016:18:50:25 -0500] "GET /online-exam/post-exam/student/1/subject/1 HTTP/1.1" 200 3652
192.168.1.76 - - [24/Feb/2016:18:50:25 -0500] "GET /online-exam/faculty-login HTTP/1.1" 200 4439
192.168.1.72 - - [24/Feb/2016:18:50:26 -0500] "GET /online-exam/write-exam/student/1/subject/1/test/2/write HTTP/1.1" 200 4099
192.168.1.76 - - [24/Feb/2016:18:50:30 -0500] "GET /online-exam/faculty-register HTTP/1.1" 200 4538
192.168.1.72 - - [24/Feb/2016:18:50:34 -0500] "POST /online-exam/write-exam/student/1/subject/1/test/2/write HTTP/1.1" 200 4050
192.168.1.72 - - [24/Feb/2016:18:50:38 -0500] "POST /online-exam/write-exam/student/1/subject/1/test/2/write HTTP/1.1" 200 4090
192.168.1.72 - - [24/Feb/2016:18:50:42 -0500] "POST /online-exam/write-exam/student/1/subject/1/test/2/write HTTP/1.1" 200 4095
192.168.1.72 - - [24/Feb/2016:18:50:45 -0500] "POST /online-exam/write-exam/student/1/subject/1/test/2/write HTTP/1.1" 200 3437
192.168.1.76 - - [24/Feb/2016:18:50:51 -0500] "POST /online-exam/faculty-register HTTP/1.1" 200 3481
192.168.1.76 - - [24/Feb/2016:18:52:41 -0500] "GET /online-exam/faculty-register HTTP/1.1" 200 4538
192.168.1.53 - - [24/Feb/2016:18:53:48 -0500] "GET /online-exam/ HTTP/1.1" 200 4028
192.168.1.53 - - [24/Feb/2016:18:53:50 -0500] "GET /online-exam/faculty-login HTTP/1.1" 200 4439
192.168.1.53 - - [24/Feb/2016:18:53:52 -0500] "GET /online-exam/faculty-register HTTP/1.1" 200 4538
192.168.1.53 - - [24/Feb/2016:18:54:13 -0500] "POST /online-exam/faculty-register HTTP/1.1" 200 3481
192.168.1.53 - - [24/Feb/2016:18:54:15 -0500] "GET /online-exam/faculty-login HTTP/1.1" 200 4439
192.168.1.53 - - [24/Feb/2016:18:54:24 -0500] "POST /online-exam/faculty-login HTTP/1.1" 200 4433
192.168.1.53 - - [24/Feb/2016:18:54:27 -0500] "GET /online-exam/faculty/4/profile HTTP/1.1" 200 3864
192.168.1.53 - - [24/Feb/2016:18:54:31 -0500] "GET /online-exam/faculty/4/subject/add HTTP/1.1" 200 4257
192.168.1.53 - - [24/Feb/2016:18:54:38 -0500] "POST /online-exam/faculty/4/subject/add HTTP/1.1" 200 4028
0:0:0:0:0:0:0:1 - - [24/Feb/2016:18:54:47 -0500] "GET /online-exam/student-login HTTP/1.1" 200 4432
0:0:0:0:0:0:0:1 - - [24/Feb/2016:18:54:55 -0500] "GET /online-exam/home HTTP/1.1" 200 4028
0:0:0:0:0:0:0:1 - - [24/Feb/2016:18:55:09 -0500] "GET /online-exam/faculty-login HTTP/1.1" 200 4439
192.168.1.53 - - [24/Feb/2016:18:55:13 -0500] "GET /online-exam/faculty/4/subject/add HTTP/1.1" 200 4347
0:0:0:0:0:0:0:1 - - [24/Feb/2016:18:55:16 -0500] "GET /online-exam/faculty-register HTTP/1.1" 200 4538
192.168.1.53 - - [24/Feb/2016:18:55:16 -0500] "GET /online-exam/post-exam/faculty/4 HTTP/1.1" 200 3485
192.168.1.53 - - [24/Feb/2016:18:55:18 -0500] "GET /online-exam/post-exam/faculty/4/subject/3 HTTP/1.1" 200 3443
192.168.1.53 - - [24/Feb/2016:18:55:19 -0500] "GET /online-exam/post-exam/faculty/4/subject/3/test/add HTTP/1.1" 200 3780
192.168.1.53 - - [24/Feb/2016:18:55:27 -0500] "POST /online-exam/post-exam/faculty/4/subject/3/test/add HTTP/1.1" 200 3761
192.168.1.53 - - [24/Feb/2016:18:55:32 -0500] "GET /online-exam/post-exam/faculty/4/subject/3/test/3/add HTTP/1.1" 200 4515
0:0:0:0:0:0:0:1 - - [24/Feb/2016:18:55:37 -0500] "GET /online-exam/student-login HTTP/1.1" 200 4432
192.168.1.49 - - [24/Feb/2016:18:55:43 -0500] "GET /online-exam/ HTTP/1.1" 200 4028
192.168.1.49 - - [24/Feb/2016:18:55:43 -0500] "GET /favicon.ico HTTP/1.1" 404 973
192.168.1.72 - - [24/Feb/2016:18:55:52 -0500] "GET /online-exam/ HTTP/1.1" 200 4028
192.168.1.72 - - [24/Feb/2016:18:55:53 -0500] "GET /favicon.ico HTTP/1.1" 404 973
192.168.1.72 - - [24/Feb/2016:18:55:55 -0500] "GET /online-exam/faculty-login HTTP/1.1" 200 4439
192.168.1.72 - - [24/Feb/2016:18:55:57 -0500] "GET /online-exam/faculty-register HTTP/1.1" 200 4538
192.168.1.49 - - [24/Feb/2016:18:56:01 -0500] "GET /online-exam/faculty-login HTTP/1.1" 200 4439
192.168.1.49 - - [24/Feb/2016:18:56:11 -0500] "GET /online-exam/faculty-register HTTP/1.1" 200 4538
192.168.1.76 - - [24/Feb/2016:18:56:43 -0500] "POST /online-exam/faculty-register HTTP/1.1" 200 4603
192.168.1.76 - - [24/Feb/2016:18:56:53 -0500] "GET /online-exam/faculty-login HTTP/1.1" 200 4439
192.168.1.76 - - [24/Feb/2016:18:56:55 -0500] "POST /online-exam/faculty-login HTTP/1.1" 200 4425
192.168.1.53 - - [24/Feb/2016:18:56:55 -0500] "POST /online-exam/post-exam/faculty/4/subject/3/test/3/add HTTP/1.1" 200 4535
192.168.1.53 - - [24/Feb/2016:18:56:59 -0500] "GET /online-exam/faculty/4/home HTTP/1.1" 200 4425
192.168.1.76 - - [24/Feb/2016:18:57:01 -0500] "GET /online-exam/post-exam/faculty/3 HTTP/1.1" 200 3402
192.168.1.53 - - [24/Feb/2016:18:57:01 -0500] "GET /online-exam/post-exam/faculty/3 HTTP/1.1" 200 3402
192.168.1.53 - - [24/Feb/2016:18:57:03 -0500] "GET /online-exam/post-exam/faculty/3/subject/add HTTP/1.1" 200 3786
192.168.1.76 - - [24/Feb/2016:18:57:03 -0500] "GET /online-exam/post-exam/faculty/3/subject/add HTTP/1.1" 200 3786
0:0:0:0:0:0:0:1 - - [24/Feb/2016:18:57:06 -0500] "GET /online-exam/faculty-login HTTP/1.1" 200 4439
192.168.1.53 - - [24/Feb/2016:18:57:14 -0500] "POST /online-exam/post-exam/faculty/3/subject/add HTTP/1.1" 200 3483
192.168.1.72 - - [24/Feb/2016:18:57:15 -0500] "POST /online-exam/faculty-register HTTP/1.1" 200 3481
192.168.1.76 - - [24/Feb/2016:18:57:16 -0500] "POST /online-exam/post-exam/faculty/3/subject/add HTTP/1.1" 200 3564
192.168.1.53 - - [24/Feb/2016:18:57:17 -0500] "GET /online-exam/post-exam/faculty/3 HTTP/1.1" 200 3564
192.168.1.72 - - [24/Feb/2016:18:57:19 -0500] "GET /online-exam/faculty-login HTTP/1.1" 200 4439
192.168.1.76 - - [24/Feb/2016:18:57:19 -0500] "GET /online-exam/post-exam/faculty/3/subject/5 HTTP/1.1" 200 3441
192.168.1.53 - - [24/Feb/2016:18:57:20 -0500] "GET /online-exam/post-exam/faculty/3/subject/4 HTTP/1.1" 200 3441
0:0:0:0:0:0:0:1 - - [24/Feb/2016:18:57:21 -0500] "POST /online-exam/faculty-login HTTP/1.1" 200 4428
192.168.1.72 - - [24/Feb/2016:18:57:24 -0500] "POST /online-exam/faculty-login HTTP/1.1" 200 4427
192.168.1.76 - - [24/Feb/2016:18:57:24 -0500] "GET /online-exam/post-exam/faculty/3/subject/5/test/add HTTP/1.1" 200 3778
192.168.1.53 - - [24/Feb/2016:18:57:25 -0500] "GET /online-exam/post-exam/faculty/3/subject/4/test/add HTTP/1.1" 200 3778
192.168.1.76 - - [24/Feb/2016:18:57:27 -0500] "GET /online-exam/faculty/3/profile HTTP/1.1" 200 4166
192.168.1.72 - - [24/Feb/2016:18:57:27 -0500] "GET /online-exam/faculty/6/profile HTTP/1.1" 200 3836
0:0:0:0:0:0:0:1 - - [24/Feb/2016:18:57:30 -0500] "GET /online-exam/post-exam/faculty/1 HTTP/1.1" 200 3483
192.168.1.49 - - [24/Feb/2016:18:57:31 -0500] "POST /online-exam/faculty-register HTTP/1.1" 200 3481
192.168.1.72 - - [24/Feb/2016:18:57:31 -0500] "GET /online-exam/faculty/6/subject/add HTTP/1.1" 200 4229
192.168.1.76 - - [24/Feb/2016:18:57:31 -0500] "GET /online-exam/faculty/3/subject/5 HTTP/1.1" 200 3911
0:0:0:0:0:0:0:1 - - [24/Feb/2016:18:57:32 -0500] "GET /online-exam/post-exam/faculty/1/subject/add HTTP/1.1" 200 3867
192.168.1.49 - - [24/Feb/2016:18:57:35 -0500] "GET /online-exam/faculty-login HTTP/1.1" 200 4439
192.168.1.72 - - [24/Feb/2016:18:57:36 -0500] "POST /online-exam/faculty/6/subject/add HTTP/1.1" 200 3998
0:0:0:0:0:0:0:1 - - [24/Feb/2016:18:57:36 -0500] "POST /online-exam/post-exam/faculty/1/subject/add HTTP/1.1" 200 3564
192.168.1.53 - - [24/Feb/2016:18:57:38 -0500] "POST /online-exam/post-exam/faculty/3/subject/4/test/add HTTP/1.1" 200 3761
0:0:0:0:0:0:0:1 - - [24/Feb/2016:18:57:38 -0500] "GET /online-exam/post-exam/faculty/1/subject/7 HTTP/1.1" 200 3441
192.168.1.72 - - [24/Feb/2016:18:57:39 -0500] "GET /online-exam/faculty/6/subject/6 HTTP/1.1" 200 3905
192.168.1.53 - - [24/Feb/2016:18:57:40 -0500] "GET /online-exam/post-exam/faculty/3/subject/4/test/4/add HTTP/1.1" 200 4515
192.168.1.72 - - [24/Feb/2016:18:57:41 -0500] "GET /online-exam/faculty/6/subject/6/test/add HTTP/1.1" 200 4277
192.168.1.76 - - [24/Feb/2016:18:57:41 -0500] "GET /online-exam/faculty/3/home HTTP/1.1" 200 4427
192.168.1.76 - - [24/Feb/2016:18:57:43 -0500] "GET /online-exam/post-exam/faculty/6 HTTP/1.1" 200 3483
192.168.1.49 - - [24/Feb/2016:18:57:46 -0500] "POST /online-exam/faculty-login HTTP/1.1" 200 4428
192.168.1.76 - - [24/Feb/2016:18:57:46 -0500] "GET /online-exam/post-exam/faculty/6/subject/6 HTTP/1.1" 200 3441
192.168.1.49 - - [24/Feb/2016:18:57:49 -0500] "GET /online-exam/post-exam/faculty/7 HTTP/1.1" 200 3402
192.168.1.76 - - [24/Feb/2016:18:57:50 -0500] "GET /online-exam/post-exam/faculty/6/subject/6/test/add HTTP/1.1" 200 3778
192.168.1.49 - - [24/Feb/2016:18:57:51 -0500] "GET /online-exam/post-exam/faculty/7/subject/add HTTP/1.1" 200 3786
0:0:0:0:0:0:0:1 - - [24/Feb/2016:18:57:55 -0500] "GET /online-exam/post-exam/faculty/1/subject/7/test/add HTTP/1.1" 200 3778
192.168.1.49 - - [24/Feb/2016:18:57:58 -0500] "POST /online-exam/post-exam/faculty/7/subject/add HTTP/1.1" 200 3483
192.168.1.49 - - [24/Feb/2016:18:58:01 -0500] "GET /online-exam/post-exam/faculty/7/subject/8 HTTP/1.1" 200 3441
192.168.1.49 - - [24/Feb/2016:18:58:03 -0500] "GET /online-exam/post-exam/faculty/7/subject/8/test/add HTTP/1.1" 200 3778
192.168.1.49 - - [24/Feb/2016:18:58:06 -0500] "GET /online-exam/post-exam/faculty/7 HTTP/1.1" 200 3483
192.168.1.76 - - [24/Feb/2016:18:58:07 -0500] "POST /online-exam/post-exam/faculty/6/subject/6/test/add HTTP/1.1" 200 3755
192.168.1.76 - - [24/Feb/2016:18:58:10 -0500] "GET /online-exam/post-exam/faculty/6/subject/6/test/5/add HTTP/1.1" 200 4515
192.168.1.49 - - [24/Feb/2016:18:58:12 -0500] "GET /online-exam/post-exam/faculty/7/subject/8 HTTP/1.1" 200 3441
192.168.1.49 - - [24/Feb/2016:18:58:15 -0500] "GET /online-exam/post-exam/faculty/7/subject/8/test/add HTTP/1.1" 200 3778
0:0:0:0:0:0:0:1 - - [24/Feb/2016:18:58:17 -0500] "POST /online-exam/post-exam/faculty/1/subject/7/test/add HTTP/1.1" 200 3767
0:0:0:0:0:0:0:1 - - [24/Feb/2016:18:58:19 -0500] "GET /online-exam/post-exam/faculty/1/subject/7/test/6/add HTTP/1.1" 200 4515
192.168.1.49 - - [24/Feb/2016:18:58:36 -0500] "POST /online-exam/post-exam/faculty/7/subject/8/test/add HTTP/1.1" 200 3761
192.168.1.72 - - [24/Feb/2016:18:58:38 -0500] "POST /online-exam/faculty/6/subject/6/test/add HTTP/1.1" 200 4542
192.168.1.49 - - [24/Feb/2016:18:58:38 -0500] "GET /online-exam/post-exam/faculty/7/subject/8/test/7/add HTTP/1.1" 200 4515
192.168.1.49 - - [24/Feb/2016:18:59:18 -0500] "GET /online-exam/faculty/7/profile HTTP/1.1" 200 3998
192.168.1.49 - - [24/Feb/2016:18:59:20 -0500] "GET /online-exam/faculty/7/subject/add HTTP/1.1" 200 4317
192.168.1.49 - - [24/Feb/2016:18:59:26 -0500] "GET /online-exam/post-exam/faculty/7 HTTP/1.1" 200 3483
192.168.1.49 - - [24/Feb/2016:18:59:28 -0500] "GET /online-exam/post-exam/faculty/7/subject/add HTTP/1.1" 200 3867
192.168.1.53 - - [24/Feb/2016:18:59:34 -0500] "POST /online-exam/post-exam/faculty/3/subject/4/test/4/add HTTP/1.1" 200 4535
0:0:0:0:0:0:0:1 - - [24/Feb/2016:18:59:36 -0500] "GET /online-exam/faculty/1/home HTTP/1.1" 200 4428
0:0:0:0:0:0:0:1 - - [24/Feb/2016:18:59:38 -0500] "GET /online-exam/faculty/7/profile HTTP/1.1" 200 3998
192.168.1.49 - - [24/Feb/2016:18:59:41 -0500] "POST /online-exam/post-exam/faculty/7/subject/add HTTP/1.1" 200 3570
0:0:0:0:0:0:0:1 - - [24/Feb/2016:18:59:41 -0500] "GET /online-exam/faculty/7/profile HTTP/1.1" 200 4166
192.168.1.49 - - [24/Feb/2016:18:59:44 -0500] "GET /online-exam/post-exam/faculty/7/subject/9 HTTP/1.1" 200 3447
192.168.1.72 - - [24/Feb/2016:18:59:46 -0500] "GET /online-exam/faculty/6/profile HTTP/1.1" 200 3998
192.168.1.72 - - [24/Feb/2016:18:59:49 -0500] "GET /online-exam/post-exam/faculty/6 HTTP/1.1" 200 3483
192.168.1.49 - - [24/Feb/2016:18:59:49 -0500] "GET /online-exam/post-exam/faculty/7 HTTP/1.1" 200 3570
192.168.1.49 - - [24/Feb/2016:18:59:50 -0500] "GET /online-exam/post-exam/faculty/7/subject/9 HTTP/1.1" 200 3447
192.168.1.72 - - [24/Feb/2016:18:59:51 -0500] "GET /online-exam/post-exam/faculty/6/subject/6 HTTP/1.1" 200 4078
192.168.1.49 - - [24/Feb/2016:18:59:52 -0500] "GET /online-exam/post-exam/faculty/7/subject/9/test/add HTTP/1.1" 200 3784
192.168.1.76 - - [24/Feb/2016:18:59:58 -0500] "GET /online-exam/post-exam/faculty/6 HTTP/1.1" 200 3483
192.168.1.76 - - [24/Feb/2016:19:00:00 -0500] "GET /online-exam/post-exam/faculty/6/subject/6 HTTP/1.1" 200 4078
192.168.1.49 - - [24/Feb/2016:19:00:02 -0500] "GET /online-exam/faculty/7/profile HTTP/1.1" 200 4166
192.168.1.49 - - [24/Feb/2016:19:00:05 -0500] "GET /online-exam/faculty/7/subject/9 HTTP/1.1" 200 3911
192.168.1.76 - - [24/Feb/2016:19:00:05 -0500] "GET /online-exam/post-exam/faculty/6/subject/6/test/5/add HTTP/1.1" 200 4515
192.168.1.49 - - [24/Feb/2016:19:00:07 -0500] "GET /online-exam/faculty/7/subject/9/test/add HTTP/1.1" 200 4283
0:0:0:0:0:0:0:1 - - [24/Feb/2016:19:00:22 -0500] "GET /online-exam/faculty/7/home HTTP/1.1" 200 4428
0:0:0:0:0:0:0:1 - - [24/Feb/2016:19:00:25 -0500] "GET /online-exam/faculty/7/profile HTTP/1.1" 200 4166
192.168.1.49 - - [24/Feb/2016:19:00:28 -0500] "GET /online-exam/post-exam/faculty/7 HTTP/1.1" 200 3570
0:0:0:0:0:0:0:1 - - [24/Feb/2016:19:00:46 -0500] "GET /online-exam/faculty/7/home HTTP/1.1" 200 4428
0:0:0:0:0:0:0:1 - - [24/Feb/2016:19:01:00 -0500] "GET /online-exam/faculty-login HTTP/1.1" 200 4439
192.168.1.53 - - [24/Feb/2016:19:01:26 -0500] "GET /online-exam/ HTTP/1.1" 200 4028
192.168.1.53 - - [24/Feb/2016:19:01:28 -0500] "GET /online-exam/faculty-login HTTP/1.1" 200 4439
192.168.1.53 - - [24/Feb/2016:19:01:35 -0500] "POST /online-exam/faculty-login HTTP/1.1" 200 4433
192.168.1.53 - - [24/Feb/2016:19:01:43 -0500] "GET /online-exam/post-exam/faculty/4 HTTP/1.1" 200 3485
192.168.1.53 - - [24/Feb/2016:19:01:50 -0500] "GET /online-exam/post-exam/faculty/4/subject/add HTTP/1.1" 200 3869
192.168.1.53 - - [24/Feb/2016:19:01:56 -0500] "POST /online-exam/post-exam/faculty/4/subject/add HTTP/1.1" 200 3567
192.168.1.53 - - [24/Feb/2016:19:01:58 -0500] "GET /online-exam/post-exam/faculty/4/subject/10 HTTP/1.1" 200 3442
192.168.1.53 - - [24/Feb/2016:19:02:00 -0500] "GET /online-exam/post-exam/faculty/4/subject/10/test/add HTTP/1.1" 200 3779
192.168.1.53 - - [24/Feb/2016:19:02:07 -0500] "POST /online-exam/post-exam/faculty/4/subject/10/test/add HTTP/1.1" 200 3765
192.168.1.53 - - [24/Feb/2016:19:02:09 -0500] "GET /online-exam/post-exam/faculty/4/subject/10/test/9/add HTTP/1.1" 200 4516
192.168.1.53 - - [24/Feb/2016:19:03:12 -0500] "POST /online-exam/post-exam/faculty/4/subject/10/test/9/add HTTP/1.1" 200 4536
0:0:0:0:0:0:0:1 - - [24/Feb/2016:19:05:56 -0500] "GET /online-exam/faculty-login HTTP/1.1" 200 4439
0:0:0:0:0:0:0:1 - - [24/Feb/2016:19:06:03 -0500] "GET /online-exam/faculty-register HTTP/1.1" 200 4538
0:0:0:0:0:0:0:1 - - [24/Feb/2016:19:06:10 -0500] "POST /online-exam/faculty-register HTTP/1.1" 200 4873
0:0:0:0:0:0:0:1 - - [24/Feb/2016:19:06:47 -0500] "POST /online-exam/faculty-register HTTP/1.1" 200 3481
0:0:0:0:0:0:0:1 - - [24/Feb/2016:19:06:57 -0500] "GET /online-exam/faculty-login HTTP/1.1" 200 4439
0:0:0:0:0:0:0:1 - - [24/Feb/2016:19:07:09 -0500] "POST /online-exam/faculty-login HTTP/1.1" 200 4482
0:0:0:0:0:0:0:1 - - [24/Feb/2016:19:07:14 -0500] "POST /online-exam/faculty-login HTTP/1.1" 200 4435
0:0:0:0:0:0:0:1 - - [24/Feb/2016:19:08:05 -0500] "GET /online-exam/student-login HTTP/1.1" 200 4432
0:0:0:0:0:0:0:1 - - [24/Feb/2016:19:08:18 -0500] "POST /online-exam/student-login HTTP/1.1" 200 4479
0:0:0:0:0:0:0:1 - - [24/Feb/2016:19:08:29 -0500] "POST /online-exam/student-login HTTP/1.1" 200 4480
0:0:0:0:0:0:0:1 - - [24/Feb/2016:19:08:53 -0500] "POST /online-exam/student-login HTTP/1.1" 200 4485
0:0:0:0:0:0:0:1 - - [24/Feb/2016:19:09:39 -0500] "GET /online-exam/write-exam/student/2 HTTP/1.1" 200 3535
0:0:0:0:0:0:0:1 - - [24/Feb/2016:19:09:50 -0500] "GET /online-exam/post-exam/student/2/subject/2 HTTP/1.1" 200 3652
0:0:0:0:0:0:0:1 - - [24/Feb/2016:19:09:56 -0500] "GET /online-exam/write-exam/student/2/subject/2/test/2/write HTTP/1.1" 200 4099
0:0:0:0:0:0:0:1 - - [24/Feb/2016:19:10:04 -0500] "POST /online-exam/write-exam/student/2/subject/2/test/2/write HTTP/1.1" 200 4050
0:0:0:0:0:0:0:1 - - [24/Feb/2016:19:10:08 -0500] "POST /online-exam/write-exam/student/2/subject/2/test/2/write HTTP/1.1" 200 4090
0:0:0:0:0:0:0:1 - - [24/Feb/2016:19:10:13 -0500] "POST /online-exam/write-exam/student/2/subject/2/test/2/write HTTP/1.1" 200 4095
0:0:0:0:0:0:0:1 - - [24/Feb/2016:19:10:49 -0500] "POST /online-exam/write-exam/student/2/subject/2/test/2/write HTTP/1.1" 200 3437
0:0:0:0:0:0:0:1 - - [24/Feb/2016:19:20:03 -0500] "GET /online-exam/ HTTP/1.1" 200 4028
0:0:0:0:0:0:0:1 - - [24/Feb/2016:19:21:29 -0500] "GET /online-exam/student-login HTTP/1.1" 200 4432
0:0:0:0:0:0:0:1 - - [24/Feb/2016:19:21:31 -0500] "GET /online-exam/faculty-login HTTP/1.1" 200 4439
0:0:0:0:0:0:0:1 - - [24/Feb/2016:19:21:35 -0500] "GET /online-exam/aboutus HTTP/1.1" 200 4285
0:0:0:0:0:0:0:1 - - [24/Feb/2016:19:21:42 -0500] "GET /online-exam/student-login HTTP/1.1" 200 4432
192.168.1.72 - - [24/Feb/2016:19:28:26 -0500] "GET /online-exam/ HTTP/1.1" 200 4028
192.168.1.72 - - [24/Feb/2016:19:28:27 -0500] "GET /favicon.ico HTTP/1.1" 404 973
